id,game,level,category,date,submitted,players,reviewer,status,status_comment,time,submitted_date
yoqv235z,j1lewj6g,kwjekv19,xd131x4k,27/11/2024,2024-11-27T02:53:54Z,"[{""id"":""xk1kw9kj"",""name"":null,""rel"":""user""}]",j2wqv36j,verified,null,601.11,27/11/2024
menv862m,j1lnmq76,null,xk97mn4d,26/11/2024,2024-11-27T02:52:34Z,"[{""id"":""8gekpnrj"",""name"":null,""rel"":""user""}]",8gekpnrj,verified,null,3116,27/11/2024
zgj37vjz,m1mnlpjd,rw66ngpw,w205p0od,27/11/2024,2024-11-27T02:52:07Z,"[{""id"":""68wq40z8"",""name"":null,""rel"":""user""}]",qxkowgk8,verified,null,34.38,27/11/2024
